kind: Scale
apiVersion: autoscaling/v1
metadata:
  name: kube-apiserver
  namespace: shoot--ixywdlfvei--sharding
spec:
  replicas: 4
