apiVersion: apps/v1
kind: Deployment
metadata:
  labels:
    app: kubernetes
    role: apiserver
  name: kube-apiserver-awake
  namespace: shoot--ixywdlfvei--sharding
spec:
  replicas: 4
  template:
    spec:
      containers:
      - name: kube-apiserver
        resources:
          requests:
            cpu: 800m
            memory: 800Mi
